42
-10
3.14159
Rei
Hello
Hello, Rei!
true
HELLO
hello
@["a", "b", "c"]
hello taida
5
true
true
5
@["Asuka", "Rei"]
@[1, 2, 3]
@[3, 4]
@[2, 4, 6]
@[1, 2, 3, 4]
a,b,c
3
false
true
1
Shinji
Asuka
true
3
0
20
0
123
0
3.14
42
42
3.14
true
Asuka
14
Rei
0
0

0
{"age":14,"name":"Asuka","syncRate":78}
42
hello
3
ab

0
