HELLO
world
test
@["a", "b", "c"]
aXcabc
aXcaXc
@(hasValue <= true, __value <= "e", __default <= "", __type <= "Lax")
ababab
cba
3.14
7
3
4
4
10
@[1, 2, 3, 4, 5]
@[1, 2, 3]
@[1, 2, 3, 4]
@[1, 2, 3]
@[1, 2, 3]
@[0, 1, 2]
x-y-z
10
@[1, 2, 3]
@[3, 4, 5]
@[3, 6, 9]
@[3, 4, 5]
6
14
2
99
2.5
123
true
true
5
false
42
