@(hasValue <= true, __value <= "@(__entries <= @[@(key <= "s1", value <= 1), @(key <= "s2", value <= 2), @(key <= "s4", value <= 4), @(key <= "s6", value <= 6), @(key <= "s7", value <= 7), @(key <= "o1", value <= 10), @(key <= "o2", value <= 20), @(key <= "o3", value <= 30), @(key <= "s3", value <= 300), @(key <= "o4", value <= 40), @(key <= "s5", value <= 500), @(key <= "o5", value <= 50), @(key <= "o6", value <= 60), @(key <= "o7", value <= 70), @(key <= "o8", value <= 80), @(key <= "o9", value <= 90)], __type <= "HashMap")", __default <= "", __type <= "Lax")
