Async[rejected: short]
Async[rejected: a much longer error message that fits in bucket 1]
Async[rejected: mid sized err]
Async[rejected: short]
Async[rejected: a much longer error message that fits in bucket 1]
Async[rejected: mid sized err]
Async[rejected: short]
Async[rejected: a much longer error message that fits in bucket 1]
Async[rejected: mid sized err]
